                                                                           
  octocat  2025-10-03 (Fri)                                                
                                                                           
         Sun  Mon  Tue  Wed  Thu  Fri  Sat                                 
    W37   ·    ·    ·    ·    ·    ·    ·                                  
    W38   ·    ·    ·    ·    ·    ·    ·                                  
    W39   ·    ·    ·    ·    █    █    █                                  
    W40   █    █    █    █    █   [█]   █                                  
                                                                           
  ⣾ Fetching contributions...                                              
                                                                           
  ←→ day  ↑↓ week  t today  u user  o org  m me  r reload  ? help  q quit  
                                                                           