                                                 
  octocat  2026-09-24 (Thu)                      
                                                 
         Sun  Mon  Tue  Wed  Thu  Fri  Sat       
    W36   █    █    █    █    █    █    █        
    W37   █    █    █    █    █    █    █        
    W38   █    █    █    █    █    █    █        
    W39   █    █    █    █   [█]   -    -        
                                                 
  2026-09-24: 0 contributions                    
  Total (4 weeks): 139  |  Streak: 0 days        
                                                 
  Keybindings                                    
                                                 
    ←/→ h/l    previous / next day               
    ↑/↓ k/j    previous / next week              
    t          today                             
    u          show another user                 
    o          pick a member of an organization  
    m          show yourself                     
    r          reload                            
    ?          toggle help                       
    q ctrl+c   quit                              
                                                 
  ? esc close                                    
                                                 