                                                      
  octocat  2026-09-24 (Thu)                           
                                                      
         Sun  Mon  Tue  Wed  Thu  Fri  Sat            
    W36   █    █    █    █    █    █    █             
    W37   █    █    █    █    █    █    █             
    W38   █    █    █    █    █    █    █             
    W39   █    █    █    █   [█]   -    -             
                                                      
  2026-09-24: 0 contributions                         
  Total (4 weeks): 139  |  Streak: 0 days             
                                                      
  Members of acme  filter: a▏                         
                                                      
    alice                                             
  > carol                                             
    dave                                              
  2/3                                                 
                                                      
  type to filter  ↑/↓ select  enter show  esc cancel  
                                                      