                                                                           
  octocat  2026-09-16 (Wed)                                                
                                                                           
         Sun  Mon  Tue  Wed  Thu  Fri  Sat                                 
    W35   █    █    █    █    █    █    █                                  
    W36   █    █    █    █    █    █    █                                  
    W37   █    █    █    █    █    █    █                                  
    W38   █    █    █   [█]   █    █    █                                  
                                                                           
  2026-09-16: 4 contributions                                              
  Total (4 weeks): 151  |  Streak: 4 days                                  
                                                                           
  ←→ day  ↑↓ week  t today  u user  o org  m me  r reload  ? help  q quit  
                                                                           