                                                                    
  Error: authentication failed. Run `gh auth login` and try again.  
                                                                    
  r retry  q quit                                                   
                                                                    